[1/10] cmd.exe /C "cd /D C:\Users\lanaw\BEAR_lab\pooh_band\learning_for_dev\esp\esp_liblinear_ex\build\esp-idf\main && C:\Users\lanaw\esp\python_env\idf5.3_py3.11_env\Scripts\python.exe C:/Users/lanaw/esp/frameworks/esp-idf-v5.3.1/components/spiffs/spiffsgen.py 0x100000 C:/Users/lanaw/BEAR_lab/pooh_band/learning_for_dev/esp/esp_liblinear_ex/partition C:/Users/lanaw/BEAR_lab/pooh_band/learning_for_dev/esp/esp_liblinear_ex/build/storage.bin --page-size=256 --obj-name-len=32 --meta-len=4 --use-magic --use-magic-len"
FAILED: esp-idf/main/CMakeFiles/spiffs_storage_bin C:/Users/lanaw/BEAR_lab/pooh_band/learning_for_dev/esp/esp_liblinear_ex/build/esp-idf/main/CMakeFiles/spiffs_storage_bin 
cmd.exe /C "cd /D C:\Users\lanaw\BEAR_lab\pooh_band\learning_for_dev\esp\esp_liblinear_ex\build\esp-idf\main && C:\Users\lanaw\esp\python_env\idf5.3_py3.11_env\Scripts\python.exe C:/Users/lanaw/esp/frameworks/esp-idf-v5.3.1/components/spiffs/spiffsgen.py 0x100000 C:/Users/lanaw/BEAR_lab/pooh_band/learning_for_dev/esp/esp_liblinear_ex/partition C:/Users/lanaw/BEAR_lab/pooh_band/learning_for_dev/esp/esp_liblinear_ex/build/storage.bin --page-size=256 --obj-name-len=32 --meta-len=4 --use-magic --use-magic-len"
Traceback (most recent call last):
  File "C:\Users\lanaw\esp\frameworks\esp-idf-v5.3.1\components\spiffs\spiffsgen.py", line 431, in create_file
    block.update_obj(contents_chunk)
  File "C:\Users\lanaw\esp\frameworks\esp-idf-v5.3.1\components\spiffs\spiffsgen.py", line 346, in update_obj
    raise SpiffsFullError()
SpiffsFullError

During handling of the above exception, another exception occurred:

Traceback (most recent call last):
  File "C:\Users\lanaw\esp\frameworks\esp-idf-v5.3.1\components\spiffs\spiffsgen.py", line 435, in create_file
    raise SpiffsFullError
SpiffsFullError

During handling of the above exception, another exception occurred:

Traceback (most recent call last):
  File "C:\Users\lanaw\esp\frameworks\esp-idf-v5.3.1\components\spiffs\spiffsgen.py", line 590, in <module>
    main()
  File "C:\Users\lanaw\esp\frameworks\esp-idf-v5.3.1\components\spiffs\spiffsgen.py", line 582, in main
    spiffs.create_file('/' + os.path.relpath(full_path, args.base_dir).replace('\\', '/'), full_path)
  File "C:\Users\lanaw\esp\frameworks\esp-idf-v5.3.1\components\spiffs\spiffsgen.py", line 446, in create_file
    block = self._create_block()
            ^^^^^^^^^^^^^^^^^^^^
  File "C:\Users\lanaw\esp\frameworks\esp-idf-v5.3.1\components\spiffs\spiffsgen.py", line 395, in _create_block
    raise SpiffsFullError('the image size has been exceeded')
SpiffsFullError: the image size has been exceeded
[2/10] Performing build step for 'bootloader'
[1/1] cmd.exe /C "cd /D C:\Users\lanaw\BEAR_lab\pooh_band\learning_for_dev\esp\esp_liblinear_ex\build\bootloader\esp-idf\esptool_py && C:\Users\lanaw\esp\python_env\idf5.3_py3.11_env\Scripts\python.exe C:/Users/lanaw/esp/frameworks/esp-idf-v5.3.1/components/partition_table/check_sizes.py --offset 0x8000 bootloader 0x0 C:/Users/lanaw/BEAR_lab/pooh_band/learning_for_dev/esp/esp_liblinear_ex/build/bootloader/bootloader.bin"
Bootloader binary size 0x5260 bytes. 0x2da0 bytes (36%) free.
[3/8] Building CXX object esp-idf/main/CMakeFiles/__idf_main.dir/GPIO_Example.cpp.obj
ninja: build stopped: subcommand failed.
